/home/santiagoalasia/Documentos/MCUXpresso_25.6.136/workspace/TP1/CMSIS/core_cm33.h:2358:22:__NVIC_EnableIRQ	16	static
../drivers/fsl_clock.h:1496:20:CLOCK_EnableClock	24	static
../drivers/fsl_clock.h:1530:20:CLOCK_DisableClock	24	static
../drivers/fsl_common_arm.h:753:24:EnableIRQ	24	static
../drivers/fsl_lpi2c.h:546:20:LPI2C_MasterReset	16	static
../drivers/fsl_lpi2c.h:558:20:LPI2C_MasterEnable	16	static
../drivers/fsl_lpi2c.h:580:24:LPI2C_MasterGetStatusFlags	16	static
../drivers/fsl_lpi2c.h:605:20:LPI2C_MasterClearStatusFlags	16	static
../drivers/fsl_lpi2c.h:625:20:LPI2C_MasterEnableInterrupts	16	static
../drivers/fsl_lpi2c.h:640:20:LPI2C_MasterDisableInterrupts	16	static
../drivers/fsl_lpi2c.h:652:24:LPI2C_MasterGetEnabledInterrupts	16	static
../drivers/fsl_lpi2c.h:712:20:LPI2C_MasterSetWatermarks	24	static
../drivers/fsl_lpi2c.h:726:20:LPI2C_MasterGetFifoCounts	24	static
../drivers/fsl_lpi2c.h:1029:20:LPI2C_SlaveReset	16	static
../drivers/fsl_lpi2c.h:1063:24:LPI2C_SlaveGetStatusFlags	16	static
../drivers/fsl_lpi2c.h:1085:20:LPI2C_SlaveClearStatusFlags	16	static
../drivers/fsl_lpi2c.h:1105:20:LPI2C_SlaveEnableInterrupts	16	static
../drivers/fsl_lpi2c.h:1120:20:LPI2C_SlaveDisableInterrupts	16	static
../drivers/fsl_lpi2c.h:1185:20:LPI2C_SlaveTransmitAck	16	static
../drivers/fsl_lpi2c.c:130:10:LPI2C_GetInstance	24	static
../drivers/fsl_lpi2c.c:153:17:LPI2C_GetCyclesForWidth	40	static
../drivers/fsl_lpi2c.c:195:10:LPI2C_MasterCheckAndClearError	24	static
../drivers/fsl_lpi2c.c:249:17:LPI2C_MasterWaitForTxReady	32	static
../drivers/fsl_lpi2c.c:297:10:LPI2C_CheckForBusyBus	24	static
../drivers/fsl_lpi2c.c:334:6:LPI2C_MasterGetDefaultConfig	16	static
../drivers/fsl_lpi2c.c:367:6:LPI2C_MasterInit	56	static
../drivers/fsl_lpi2c.c:485:6:LPI2C_MasterDeinit	24	static
../drivers/fsl_lpi2c.c:517:6:LPI2C_MasterConfigureDataMatch	24	static
../drivers/fsl_lpi2c.c:548:6:LPI2C_MasterSetBaudRate	64	static
../drivers/fsl_lpi2c.c:672:10:LPI2C_MasterStart	24	static
../drivers/fsl_lpi2c.c:709:10:LPI2C_MasterStop	24	static
../drivers/fsl_lpi2c.c:773:10:LPI2C_MasterReceive	48	static
../drivers/fsl_lpi2c.c:856:10:LPI2C_MasterSend	32	static
../drivers/fsl_lpi2c.c:895:10:LPI2C_MasterTransferBlocking	56	static
../drivers/fsl_lpi2c.c:1009:6:LPI2C_MasterTransferCreateHandle	32	static
../drivers/fsl_lpi2c.c:1065:17:LPI2C_RunTransferStateMachine	56	static
../drivers/fsl_lpi2c.c:1288:13:LPI2C_InitTransferStateMachine	40	static
../drivers/fsl_lpi2c.c:1361:10:LPI2C_MasterTransferNonBlocking	40	static
../drivers/fsl_lpi2c.c:1418:10:LPI2C_MasterTransferGetCount	40	static
../drivers/fsl_lpi2c.c:1485:6:LPI2C_MasterTransferAbort	16	static
../drivers/fsl_lpi2c.c:1515:6:LPI2C_MasterTransferHandleIRQ	40	static
../drivers/fsl_lpi2c.c:1586:6:LPI2C_SlaveGetDefaultConfig	16	static
../drivers/fsl_lpi2c.c:1625:6:LPI2C_SlaveInit	48	static
../drivers/fsl_lpi2c.c:1714:6:LPI2C_SlaveDeinit	24	static
../drivers/fsl_lpi2c.c:1748:17:LPI2C_SlaveCheckAndClearError	24	static
../drivers/fsl_lpi2c.c:1788:10:LPI2C_SlaveSend	40	static
../drivers/fsl_lpi2c.c:1875:10:LPI2C_SlaveReceive	40	static
../drivers/fsl_lpi2c.c:1969:6:LPI2C_SlaveTransferCreateHandle	32	static
../drivers/fsl_lpi2c.c:2038:10:LPI2C_SlaveTransferNonBlocking	32	static
../drivers/fsl_lpi2c.c:2095:10:LPI2C_SlaveTransferGetCount	32	static
../drivers/fsl_lpi2c.c:2130:6:LPI2C_SlaveTransferAbort	16	static
../drivers/fsl_lpi2c.c:2158:6:LPI2C_SlaveTransferHandleIRQ	32	static
../drivers/fsl_lpi2c.c:2336:6:LPI2C_CommonIRQHandler	16	static
