/home/santiagoalasia/Documentos/MCUXpresso_25.6.136/workspace/TP1/CMSIS/core_cm33.h:2358:22:__NVIC_EnableIRQ	16	static
../drivers/fsl_clock.h:1496:20:CLOCK_EnableClock	24	static
../drivers/fsl_clock.h:1530:20:CLOCK_DisableClock	24	static
../drivers/fsl_common_arm.h:753:24:EnableIRQ	24	static
../drivers/fsl_lpspi.h:524:20:LPSPI_Enable	16	static
../drivers/fsl_lpspi.h:550:24:LPSPI_GetStatusFlags	16	static
../drivers/fsl_lpspi.h:570:23:LPSPI_GetRxFifoSize	16	static
../drivers/fsl_lpspi.h:580:24:LPSPI_GetTxFifoCount	16	static
../drivers/fsl_lpspi.h:590:24:LPSPI_GetRxFifoCount	16	static
../drivers/fsl_lpspi.h:608:20:LPSPI_ClearStatusFlags	16	static
../drivers/fsl_lpspi.h:622:24:LPSPI_GetTcr	32	static
../drivers/fsl_lpspi.h:663:20:LPSPI_EnableInterrupts	16	static
../drivers/fsl_lpspi.h:678:20:LPSPI_DisableInterrupts	16	static
../drivers/fsl_lpspi.h:781:20:LPSPI_SetMasterSlaveMode	16	static
../drivers/fsl_lpspi.h:827:20:LPSPI_IsMaster	16	static
../drivers/fsl_lpspi.h:839:20:LPSPI_FlushFifo	16	static
../drivers/fsl_lpspi.h:855:20:LPSPI_SetFifoWatermarks	24	static
../drivers/fsl_lpspi.h:994:20:LPSPI_WriteData	16	static
../drivers/fsl_lpspi.h:1008:24:LPSPI_ReadData	16	static
../drivers/fsl_lpspi.c:153:10:LPSPI_GetInstance	24	static
../drivers/fsl_lpspi.c:181:6:LPSPI_SetDummyData	24	static
../drivers/fsl_lpspi.c:194:6:LPSPI_MasterInit	40	static
../drivers/fsl_lpspi.c:276:6:LPSPI_MasterGetDefaultConfig	16	static
../drivers/fsl_lpspi.c:309:6:LPSPI_SlaveInit	24	static
../drivers/fsl_lpspi.c:371:6:LPSPI_SlaveGetDefaultConfig	16	static
../drivers/fsl_lpspi.c:396:6:LPSPI_Reset	16	static
../drivers/fsl_lpspi.c:412:6:LPSPI_Deinit	24	static
../drivers/fsl_lpspi.c:438:13:LPSPI_SetOnePcsPolarity	24	static
../drivers/fsl_lpspi.c:473:10:LPSPI_MasterSetBaudRate	64	static
../drivers/fsl_lpspi.c:586:6:LPSPI_MasterSetDelayScaler	32	static
../drivers/fsl_lpspi.c:652:10:LPSPI_MasterSetDelayTimes	112	static
../drivers/fsl_lpspi.c:704:6:LPSPI_MasterTransferCreateHandle	32	static
../drivers/fsl_lpspi.c:744:6:LPSPI_CheckTransferArgument	40	static
../drivers/fsl_lpspi.c:830:10:LPSPI_MasterTransferBlocking	80	static
../drivers/fsl_lpspi.c:1100:10:LPSPI_MasterTransferNonBlocking	48	static
../drivers/fsl_lpspi.c:1278:13:LPSPI_MasterTransferFillUpTxFifo	40	static
../drivers/fsl_lpspi.c:1346:13:LPSPI_MasterTransferComplete	24	static
../drivers/fsl_lpspi.c:1371:10:LPSPI_MasterTransferGetCount	32	static
../drivers/fsl_lpspi.c:1411:6:LPSPI_MasterTransferAbort	16	static
../drivers/fsl_lpspi.c:1433:6:LPSPI_MasterTransferHandleIRQ	40	static
../drivers/fsl_lpspi.c:1566:6:LPSPI_SlaveTransferCreateHandle	32	static
../drivers/fsl_lpspi.c:1616:10:LPSPI_SlaveTransferNonBlocking	40	static
../drivers/fsl_lpspi.c:1751:13:LPSPI_SlaveTransferFillUpTxFifo	32	static
../drivers/fsl_lpspi.c:1783:13:LPSPI_SlaveTransferComplete	32	static
../drivers/fsl_lpspi.c:1819:10:LPSPI_SlaveTransferGetCount	32	static
../drivers/fsl_lpspi.c:1859:6:LPSPI_SlaveTransferAbort	16	static
../drivers/fsl_lpspi.c:1881:6:LPSPI_SlaveTransferHandleIRQ	40	static
../drivers/fsl_lpspi.c:1996:17:LPSPI_CombineWriteData	24	static
../drivers/fsl_lpspi.c:2080:13:LPSPI_SeparateReadData	24	static
../drivers/fsl_lpspi.c:2160:13:LPSPI_TxFifoReady	16	static
../drivers/fsl_lpspi.c:2180:6:LPSPI_CommonIRQHandler	16	static
