../drivers/fsl_clock.h:1981:22:CLOCK_IsPLL0Locked	4	static
../drivers/fsl_clock.h:1989:22:CLOCK_IsPLL1Locked	4	static
../drivers/fsl_clock.c:145:10:CLOCK_SetupFROHFClocking	16	static
../drivers/fsl_clock.c:179:10:CLOCK_SetupExtClocking	24	static
../drivers/fsl_clock.c:253:10:CLOCK_SetupExtRefClocking	24	static
../drivers/fsl_clock.c:330:10:CLOCK_SetupOsc32KClocking	24	static
../drivers/fsl_clock.c:388:6:CLOCK_GetDefaultOsc32KConfig	16	static
../drivers/fsl_clock.c:410:10:CLOCK_SetupOsc32KClockingConfig	32	static
../drivers/fsl_clock.c:515:10:CLOCK_SetupClk16KClocking	16	static
../drivers/fsl_clock.c:533:10:CLOCK_FROHFTrimConfig	16	static
../drivers/fsl_clock.c:569:10:CLOCK_FRO12MTrimConfig	16	static
../drivers/fsl_clock.c:609:6:CLOCK_SetSysOscMonitorMode	24	static
../drivers/fsl_clock.c:628:6:CLOCK_SetRoscMonitorMode	24	static
../drivers/fsl_clock.c:647:6:CLOCK_SetUpllMonitorMode	24	static
../drivers/fsl_clock.c:666:6:CLOCK_SetPll0MonitorMode	24	static
../drivers/fsl_clock.c:685:6:CLOCK_SetPll1MonitorMode	24	static
../drivers/fsl_clock.c:703:10:CLOCK_SetFLASHAccessCyclesForFreq	24	static
../drivers/fsl_clock.c:792:6:VBAT_SetOscConfig	24	static
../drivers/fsl_clock.c:837:6:CLOCK_AttachClk	40	static
../drivers/fsl_clock.c:891:19:CLOCK_GetClockAttachId	48	static
../drivers/fsl_clock.c:953:6:CLOCK_SetClkDiv	24	static
../drivers/fsl_clock.c:1000:10:CLOCK_GetClkDiv	24	static
../drivers/fsl_clock.c:1025:6:CLOCK_HaltClkDiv	24	static
../drivers/fsl_clock.c:1043:6:CLOCK_SetupClockCtrl	16	static
../drivers/fsl_clock.c:1054:10:CLOCK_GetFreq	24	static
../drivers/fsl_clock.c:1143:10:CLOCK_GetCTimerClkFreq	24	static
../drivers/fsl_clock.c:1197:10:CLOCK_GetAdcClkFreq	24	static
../drivers/fsl_clock.c:1237:10:CLOCK_GetUsb0ClkFreq	16	static
../drivers/fsl_clock.c:1274:10:CLOCK_GetLPFlexCommClkFreq	24	static
../drivers/fsl_clock.c:1310:10:CLOCK_GetSctClkFreq	16	static
../drivers/fsl_clock.c:1349:10:CLOCK_GetTsiClkFreq	16	static
../drivers/fsl_clock.c:1373:10:CLOCK_GetSincFilterClkFreq	16	static
../drivers/fsl_clock.c:1408:10:CLOCK_GetDacClkFreq	24	static
../drivers/fsl_clock.c:1441:10:CLOCK_GetFlexspiClkFreq	16	static
../drivers/fsl_clock.c:1470:10:CLOCK_GetPll0OutFreq	32	static
../drivers/fsl_clock.c:1498:10:CLOCK_GetPll1OutFreq	32	static
../drivers/fsl_clock.c:1526:10:CLOCK_GetPllClkDivFreq	16	static
../drivers/fsl_clock.c:1553:10:CLOCK_GetExtUpllFreq	4	static
../drivers/fsl_clock.c:1567:6:CLOCK_SetExtUpllFreq	16	static
../drivers/fsl_clock.c:1576:10:CLOCK_GetI3cClkFreq	24	static
../drivers/fsl_clock.c:1612:10:CLOCK_GetI3cSTCClkFreq	24	static
../drivers/fsl_clock.c:1659:10:CLOCK_GetI3cSClkFreq	24	static
../drivers/fsl_clock.c:1684:10:CLOCK_GetMicfilClkFreq	16	static
../drivers/fsl_clock.c:1725:10:CLOCK_GetUsdhcClkFreq	16	static
../drivers/fsl_clock.c:1760:10:CLOCK_GetFlexioClkFreq	16	static
../drivers/fsl_clock.c:1795:10:CLOCK_GetFlexcanClkFreq	24	static
../drivers/fsl_clock.c:1831:10:CLOCK_GetEnetRmiiClkFreq	16	static
../drivers/fsl_clock.c:1858:10:CLOCK_GetEnetPtpRefClkFreq	16	static
../drivers/fsl_clock.c:1888:6:CLOCK_SetupEnetTxClk	16	static
../drivers/fsl_clock.c:1899:10:CLOCK_GetEnetTxClkFreq	4	static
../drivers/fsl_clock.c:1908:10:CLOCK_GetEwm0ClkFreq	16	static
../drivers/fsl_clock.c:1932:10:CLOCK_GetWdtClkFreq	24	static
../drivers/fsl_clock.c:1973:10:CLOCK_GetOstimerClkFreq	16	static
../drivers/fsl_clock.c:2000:10:CLOCK_GetCmpFClkFreq	24	static
../drivers/fsl_clock.c:2040:10:CLOCK_GetCmpRRClkFreq	24	static
../drivers/fsl_clock.c:2080:10:CLOCK_GetSaiClkFreq	24	static
../drivers/fsl_clock.c:2116:6:CLOCK_SetupSaiMclk	16	static
../drivers/fsl_clock.c:2127:6:CLOCK_SetupSaiTxBclk	16	static
../drivers/fsl_clock.c:2138:6:CLOCK_SetupSaiRxBclk	16	static
../drivers/fsl_clock.c:2149:10:CLOCK_GetSaiMclkFreq	16	static
../drivers/fsl_clock.c:2158:10:CLOCK_GetSaiTxBclkFreq	16	static
../drivers/fsl_clock.c:2167:10:CLOCK_GetSaiRxBclkFreq	16	static
../drivers/fsl_clock.c:2176:10:CLOCK_GetEmvsimClkFreq	24	static
../drivers/fsl_clock.c:2213:10:CLOCK_GetPLL0InClockRate	16	static
../drivers/fsl_clock.c:2237:10:CLOCK_GetPLL1InClockRate	16	static
../drivers/fsl_clock.c:2265:10:CLOCK_GetPLLOutFromSetup	40	static
../drivers/fsl_clock.c:2293:13:CLOCK_SetupPLLData	24	static
../drivers/fsl_clock.c:2344:13:CLOCK_SetPLL0Freq	40	static
../drivers/fsl_clock.c:2402:13:CLOCK_SetPLL1Freq	40	static
../drivers/fsl_clock.c:2452:6:CLOCK_EnableOstimer32kClock	4	static
../drivers/fsl_clock.c:2461:17:CLOCK_GetFro12MFreq	4	static
../drivers/fsl_clock.c:2470:17:CLOCK_GetClk1MFreq	4	static
../drivers/fsl_clock.c:2479:17:CLOCK_GetFroHfFreq	16	static
../drivers/fsl_clock.c:2503:17:CLOCK_GetClk48MFreq	4	static
../drivers/fsl_clock.c:2512:17:CLOCK_GetClk144MFreq	4	static
../drivers/fsl_clock.c:2521:17:CLOCK_GetClk16KFreq	16	static
../drivers/fsl_clock.c:2532:17:CLOCK_GetExtClkFreq	4	static
../drivers/fsl_clock.c:2541:17:CLOCK_GetOsc32KFreq	16	static
../drivers/fsl_clock.c:2552:10:CLOCK_GetMainClkFreq	16	static
../drivers/fsl_clock.c:2591:10:CLOCK_GetCoreSysClkFreq	16	static
../drivers/fsl_clock.c:2604:17:CLOCK_GetSystickClkFreq	24	static
../drivers/fsl_clock.c:2631:17:CLOCK_GetClockOutClkFreq	16	static
../drivers/fsl_clock.c:2672:17:CLOCK_GetLposcFreq	16	static
../drivers/fsl_clock.c:2693:13:pllFindSel	32	static
../drivers/fsl_clock.c:2737:17:findPll0PreDiv	16	static
../drivers/fsl_clock.c:2754:17:findPll1PreDiv	16	static
../drivers/fsl_clock.c:2771:17:findPll0PostDiv	16	static
../drivers/fsl_clock.c:2795:17:findPll1PostDiv	16	static
../drivers/fsl_clock.c:2819:14:findPll0MMult	24	static
../drivers/fsl_clock.c:2845:14:findPll1MMult	24	static
../drivers/fsl_clock.c:2871:17:FindGreatestCommonDivisor	24	static
../drivers/fsl_clock.c:2897:20:CLOCK_GetPllConfig	32	static
../drivers/fsl_clock.c:2959:20:CLOCK_GetPllConfigInternal	128	static
../drivers/fsl_clock.c:3117:17:CLOCK_GetPLLInClockRateFromSetup	24	static
../drivers/fsl_clock.c:3141:17:findPllPreDivFromSetup	24	static
../drivers/fsl_clock.c:3158:17:findPllPostDivFromSetup	24	static
../drivers/fsl_clock.c:3182:14:findPllMMultFromSetup	32	static
../drivers/fsl_clock.c:3210:6:CLOCK_EnableUsbfsClock	8	static
../drivers/fsl_clock.c:3231:6:CLOCK_EnableUsbhsPhyPllClock	24	static
../drivers/fsl_clock.c:3321:6:CLOCK_DisableUsbhsPhyPllClock	4	static
../drivers/fsl_clock.c:3330:6:CLOCK_EnableUsbhsClock	16	static
../drivers/fsl_clock.c:3345:10:CLOCK_FIRCAutoTrimWithSOF	16	static
