/home/santiagoalasia/Documentos/MCUXpresso_25.6.136/workspace/TP1/CMSIS/core_cm33.h:2358:22:__NVIC_EnableIRQ	16	static
/home/santiagoalasia/Documentos/MCUXpresso_25.6.136/workspace/TP1/CMSIS/core_cm33.h:2396:22:__NVIC_DisableIRQ	16	static
../drivers/fsl_clock.h:1496:20:CLOCK_EnableClock	24	static
../drivers/fsl_clock.h:1530:20:CLOCK_DisableClock	24	static
../drivers/fsl_common_arm.h:753:24:EnableIRQ	24	static
../drivers/fsl_common_arm.h:803:24:DisableIRQ	24	static
../drivers/fsl_ctimer.h:488:24:CTIMER_GetStatusFlags	16	static
../drivers/fsl_ctimer.h:500:20:CTIMER_ClearStatusFlags	16	static
../drivers/fsl_ctimer.c:70:17:CTIMER_GetInstance	24	static
../drivers/fsl_ctimer.c:97:6:CTIMER_Init	16	static
../drivers/fsl_ctimer.c:133:6:CTIMER_Deinit	24	static
../drivers/fsl_ctimer.c:159:6:CTIMER_GetDefaultConfig	16	static
../drivers/fsl_ctimer.c:197:10:CTIMER_SetupPwm	144	static
../drivers/fsl_ctimer.c:310:10:CTIMER_SetupPwmPeriod	32	static
../drivers/fsl_ctimer.c:379:10:CTIMER_UpdatePwmDutycycle	80	static
../drivers/fsl_ctimer.c:429:6:CTIMER_SetupMatch	32	static
../drivers/fsl_ctimer.c:500:10:CTIMER_GetOutputMatchStatus	16	static
../drivers/fsl_ctimer.c:515:6:CTIMER_SetupCapture	24	static
../drivers/fsl_ctimer.c:562:6:CTIMER_RegisterCallBack	32	static
../drivers/fsl_ctimer.c:574:13:CTIMER_GenericIRQHandler	32	static
../drivers/fsl_ctimer.c:631:6:CTIMER0_DriverIRQHandler	8	static
../drivers/fsl_ctimer.c:640:6:CTIMER1_DriverIRQHandler	8	static
../drivers/fsl_ctimer.c:649:6:CTIMER2_DriverIRQHandler	8	static
../drivers/fsl_ctimer.c:658:6:CTIMER3_DriverIRQHandler	8	static
../drivers/fsl_ctimer.c:667:6:CTIMER4_DriverIRQHandler	8	static
