/home/santiagoalasia/Documentos/MCUXpresso_25.6.136/workspace/TP1/drivers/fsl_gpio.h:346:20:GPIO_PinWrite	24	static
/home/santiagoalasia/Documentos/MCUXpresso_25.6.136/workspace/TP1/drivers/fsl_ctimer.h:517:20:CTIMER_StartTimer	16	static
/home/santiagoalasia/Documentos/MCUXpresso_25.6.136/workspace/TP1/drivers/fsl_ctimer.h:527:20:CTIMER_StopTimer	16	static
/home/santiagoalasia/Documentos/MCUXpresso_25.6.136/workspace/TP1/drivers/fsl_lpadc.h:927:24:LPADC_GetStatusFlags	16	static
/home/santiagoalasia/Documentos/MCUXpresso_25.6.136/workspace/TP1/drivers/fsl_lpadc.h:940:20:LPADC_ClearStatusFlags	16	static
/home/santiagoalasia/Documentos/MCUXpresso_25.6.136/workspace/TP1/drivers/fsl_lpadc.h:958:24:LPADC_GetTriggerStatusFlags	16	static
/home/santiagoalasia/Documentos/MCUXpresso_25.6.136/workspace/TP1/drivers/fsl_lpadc.h:970:20:LPADC_ClearTriggerStatusFlags	16	static
/home/santiagoalasia/Documentos/MCUXpresso_25.6.136/workspace/TP1/drivers/fsl_lpadc.h:1189:20:LPADC_DoSoftwareTrigger	16	static
/home/santiagoalasia/Documentos/MCUXpresso_25.6.136/workspace/TP1/drivers/fsl_dac.h:417:20:DAC_SetData	16	static
../source/TP1.c:102:6:prender_leds	8	static
../source/TP1.c:160:6:actualizar_frecuencia_muestreo	24	static
../source/TP1.c:186:7:adc_a_q15	16	static
../source/TP1.c:196:10:q15_a_dac12	24	static
../source/TP1.c:219:6:GPIO00_IRQHandler	16	static
../source/TP1.c:273:6:CTIMER0_Callback	24	static
../source/TP1.c:299:6:ADC1_IRQHandler	24	static
../source/TP1.c:346:5:main	8	static
